Archive member included to satisfy reference by file (symbol)

/opt/st/stm32cubeide_1.13.2/plugins/com.st.stm32cube.ide.mcu.externaltools.gnu-tools-for-stm32.11.3.rel1.linux64_1.1.1.202309131626/tools/bin/../lib/gcc/arm-none-eabi/11.3.1/../../../../arm-none-eabi/lib/thumb/v7e-m/nofp/libc_nano.a(libc_a-exit.o)
                              /opt/st/stm32cubeide_1.13.2/plugins/com.st.stm32cube.ide.mcu.externaltools.gnu-tools-for-stm32.11.3.rel1.linux64_1.1.1.202309131626/tools/bin/../lib/gcc/arm-none-eabi/11.3.1/../../../../arm-none-eabi/lib/thumb/v7e-m/nofp/crt0.o (exit)
/opt/st/stm32cubeide_1.13.2/plugins/com.st.stm32cube.ide.mcu.externaltools.gnu-tools-for-stm32.11.3.rel1.linux64_1.1.1.202309131626/tools/bin/../lib/gcc/arm-none-eabi/11.3.1/../../../../arm-none-eabi/lib/thumb/v7e-m/nofp/libc_nano.a(libc_a-findfp.o)
                              /opt/st/stm32cubeide_1.13.2/plugins/com.st.stm32cube.ide.mcu.externaltools.gnu-tools-for-stm32.11.3.rel1.linux64_1.1.1.202309131626/tools/bin/../lib/gcc/arm-none-eabi/11.3.1/../../../../arm-none-eabi/lib/thumb/v7e-m/nofp/libc_nano.a(libc_a-exit.o) (__stdio_exit_handler)
/opt/st/stm32cubeide_1.13.2/plugins/com.st.stm32cube.ide.mcu.externaltools.gnu-tools-for-stm32.11.3.rel1.linux64_1.1.1.202309131626/tools/bin/../lib/gcc/arm-none-eabi/11.3.1/../../../../arm-none-eabi/lib/thumb/v7e-m/nofp/libc_nano.a(libc_a-fwalk.o)
                              /opt/st/stm32cubeide_1.13.2/plugins/com.st.stm32cube.ide.mcu.externaltools.gnu-tools-for-stm32.11.3.rel1.linux64_1.1.1.202309131626/tools/bin/../lib/gcc/arm-none-eabi/11.3.1/../../../../arm-none-eabi/lib/thumb/v7e-m/nofp/libc_nano.a(libc_a-findfp.o) (_fwalk_sglue)
/opt/st/stm32cubeide_1.13.2/plugins/com.st.stm32cube.ide.mcu.externaltools.gnu-tools-for-stm32.11.3.rel1.linux64_1.1.1.202309131626/tools/bin/../lib/gcc/arm-none-eabi/11.3.1/../../../../arm-none-eabi/lib/thumb/v7e-m/nofp/libc_nano.a(libc_a-stdio.o)
                              /opt/st/stm32cubeide_1.13.2/plugins/com.st.stm32cube.ide.mcu.externaltools.gnu-tools-for-stm32.11.3.rel1.linux64_1.1.1.202309131626/tools/bin/../lib/gcc/arm-none-eabi/11.3.1/../../../../arm-none-eabi/lib/thumb/v7e-m/nofp/libc_nano.a(libc_a-findfp.o) (__sread)
/opt/st/stm32cubeide_1.13.2/plugins/com.st.stm32cube.ide.mcu.externaltools.gnu-tools-for-stm32.11.3.rel1.linux64_1.1.1.202309131626/tools/bin/../lib/gcc/arm-none-eabi/11.3.1/../../../../arm-none-eabi/lib/thumb/v7e-m/nofp/libc_nano.a(libc_a-memset.o)
                              /opt/st/stm32cubeide_1.13.2/plugins/com.st.stm32cube.ide.mcu.externaltools.gnu-tools-for-stm32.11.3.rel1.linux64_1.1.1.202309131626/tools/bin/../lib/gcc/arm-none-eabi/11.3.1/../../../../arm-none-eabi/lib/thumb/v7e-m/nofp/crt0.o (memset)
/opt/st/stm32cubeide_1.13.2/plugins/com.st.stm32cube.ide.mcu.externaltools.gnu-tools-for-stm32.11.3.rel1.linux64_1.1.1.202309131626/tools/bin/../lib/gcc/arm-none-eabi/11.3.1/../../../../arm-none-eabi/lib/thumb/v7e-m/nofp/libc_nano.a(libc_a-closer.o)
                              /opt/st/stm32cubeide_1.13.2/plugins/com.st.stm32cube.ide.mcu.externaltools.gnu-tools-for-stm32.11.3.rel1.linux64_1.1.1.202309131626/tools/bin/../lib/gcc/arm-none-eabi/11.3.1/../../../../arm-none-eabi/lib/thumb/v7e-m/nofp/libc_nano.a(libc_a-stdio.o) (_close_r)
/opt/st/stm32cubeide_1.13.2/plugins/com.st.stm32cube.ide.mcu.externaltools.gnu-tools-for-stm32.11.3.rel1.linux64_1.1.1.202309131626/tools/bin/../lib/gcc/arm-none-eabi/11.3.1/../../../../arm-none-eabi/lib/thumb/v7e-m/nofp/libc_nano.a(libc_a-reent.o)
                              /opt/st/stm32cubeide_1.13.2/plugins/com.st.stm32cube.ide.mcu.externaltools.gnu-tools-for-stm32.11.3.rel1.linux64_1.1.1.202309131626/tools/bin/../lib/gcc/arm-none-eabi/11.3.1/../../../../arm-none-eabi/lib/thumb/v7e-m/nofp/libc_nano.a(libc_a-closer.o) (errno)
/opt/st/stm32cubeide_1.13.2/plugins/com.st.stm32cube.ide.mcu.externaltools.gnu-tools-for-stm32.11.3.rel1.linux64_1.1.1.202309131626/tools/bin/../lib/gcc/arm-none-eabi/11.3.1/../../../../arm-none-eabi/lib/thumb/v7e-m/nofp/libc_nano.a(libc_a-impure.o)
                              /opt/st/stm32cubeide_1.13.2/plugins/com.st.stm32cube.ide.mcu.externaltools.gnu-tools-for-stm32.11.3.rel1.linux64_1.1.1.202309131626/tools/bin/../lib/gcc/arm-none-eabi/11.3.1/../../../../arm-none-eabi/lib/thumb/v7e-m/nofp/libc_nano.a(libc_a-reent.o) (_impure_ptr)
/opt/st/stm32cubeide_1.13.2/plugins/com.st.stm32cube.ide.mcu.externaltools.gnu-tools-for-stm32.11.3.rel1.linux64_1.1.1.202309131626/tools/bin/../lib/gcc/arm-none-eabi/11.3.1/../../../../arm-none-eabi/lib/thumb/v7e-m/nofp/libc_nano.a(libc_a-lseekr.o)
                              /opt/st/stm32cubeide_1.13.2/plugins/com.st.stm32cube.ide.mcu.externaltools.gnu-tools-for-stm32.11.3.rel1.linux64_1.1.1.202309131626/tools/bin/../lib/gcc/arm-none-eabi/11.3.1/../../../../arm-none-eabi/lib/thumb/v7e-m/nofp/libc_nano.a(libc_a-stdio.o) (_lseek_r)
[...]
Memory Configuration

Name             Origin             Length             Attributes
CCMRAM           0x0000000010000000 0x0000000000010000 xrw
RAM              0x0000000020000000 0x0000000000020000 xrw
FLASH            0x0000000008000000 0x0000000000100000 xr
*default*        0x0000000000000000 0xffffffffffffffff

Linker script and memory map

LOAD /opt/st/stm32cubeide_1.13.2/plugins/com.st.stm32cube.ide.mcu.externaltools.gnu-tools-for-stm32.11.3.rel1.linux64_1.1.1.202309131626/tools/bin/../lib/gcc/arm-none-eabi/11.3.1/thumb/v7e-m/nofp/crti.o
LOAD /opt/st/stm32cubeide_1.13.2/plugins/com.st.stm32cube.ide.mcu.externaltools.gnu-tools-for-stm32.11.3.rel1.linux64_1.1.1.202309131626/tools/bin/../lib/gcc/arm-none-eabi/11.3.1/thumb/v7e-m/nofp/crtbegin.o
LOAD /opt/st/stm32cubeide_1.13.2/plugins/com.st.stm32cube.ide.mcu.externaltools.gnu-tools-for-stm32.11.3.rel1.linux64_1.1.1.202309131626/tools/bin/../lib/gcc/arm-none-eabi/11.3.1/../../../../arm-none-eabi/lib/thumb/v7e-m/nofp/crt0.o
LOAD ./Src/itm.o
LOAD ./Src/lcd.o
LOAD ./Src/main.o
LOAD ./Src/syscalls.o
LOAD ./Src/sysmem.o
LOAD ./Src/system_stm32f4xx.o
LOAD ./Startup/startup_stm32f407vgtx.o
START GROUP
LOAD /opt/st/stm32cubeide_1.13.2/plugins/com.st.stm32cube.ide.mcu.externaltools.gnu-tools-for-stm32.11.3.rel1.linux64_1.1.1.202309131626/tools/bin/../lib/gcc/arm-none-eabi/11.3.1/../../../../arm-none-eabi/lib/thumb/v7e-m/nofp/libc_nano.a
LOAD /opt/st/stm32cubeide_1.13.2/plugins/com.st.stm32cube.ide.mcu.externaltools.gnu-tools-for-stm32.11.3.rel1.linux64_1.1.1.202309131626/tools/bin/../lib/gcc/arm-none-eabi/11.3.1/../../../../arm-none-eabi/lib/thumb/v7e-m/nofp/libm.a
END GROUP
START GROUP
LOAD /opt/st/stm32cubeide_1.13.2/plugins/com.st.stm32cube.ide.mcu.externaltools.gnu-tools-for-stm32.11.3.rel1.linux64_1.1.1.202309131626/tools/bin/../lib/gcc/arm-none-eabi/11.3.1/thumb/v7e-m/nofp/libgcc.a
LOAD /opt/st/stm32cubeide_1.13.2/plugins/com.st.stm32cube.ide.mcu.externaltools.gnu-tools-for-stm32.11.3.rel1.linux64_1.1.1.202309131626/tools/bin/../lib/gcc/arm-none-eabi/11.3.1/../../../../arm-none-eabi/lib/thumb/v7e-m/nofp/libc_nano.a
END GROUP
START GROUP
LOAD /opt/st/stm32cubeide_1.13.2/plugins/com.st.stm32cube.ide.mcu.externaltools.gnu-tools-for-stm32.11.3.rel1.linux64_1.1.1.202309131626/tools/bin/../lib/gcc/arm-none-eabi/11.3.1/thumb/v7e-m/nofp/libgcc.a
LOAD /opt/st/stm32cubeide_1.13.2/plugins/com.st.stm32cube.ide.mcu.externaltools.gnu-tools-for-stm32.11.3.rel1.linux64_1.1.1.202309131626/tools/bin/../lib/gcc/arm-none-eabi/11.3.1/../../../../arm-none-eabi/lib/thumb/v7e-m/nofp/libc_nano.a
LOAD /opt/st/stm32cubeide_1.13.2/plugins/com.st.stm32cube.ide.mcu.externaltools.gnu-tools-for-stm32.11.3.rel1.linux64_1.1.1.202309131626/tools/bin/../lib/gcc/arm-none-eabi/11.3.1/../../../../arm-none-eabi/lib/thumb/v7e-m/nofp/libnosys.a
END GROUP
START GROUP
LOAD /opt/st/stm32cubeide_1.13.2/plugins/com.st.stm32cube.ide.mcu.externaltools.gnu-tools-for-stm32.11.3.rel1.linux64_1.1.1.202309131626/tools/bin/../lib/gcc/arm-none-eabi/11.3.1/thumb/v7e-m/nofp/libgcc.a
LOAD /opt/st/stm32cubeide_1.13.2/plugins/com.st.stm32cube.ide.mcu.externaltools.gnu-tools-for-stm32.11.3.rel1.linux64_1.1.1.202309131626/tools/bin/../lib/gcc/arm-none-eabi/11.3.1/../../../../arm-none-eabi/lib/thumb/v7e-m/nofp/libc_nano.a
LOAD /opt/st/stm32cubeide_1.13.2/plugins/com.st.stm32cube.ide.mcu.externaltools.gnu-tools-for-stm32.11.3.rel1.linux64_1.1.1.202309131626/tools/bin/../lib/gcc/arm-none-eabi/11.3.1/../../../../arm-none-eabi/lib/thumb/v7e-m/nofp/libnosys.a
END GROUP
LOAD /opt/st/stm32cubeide_1.13.2/plugins/com.st.stm32cube.ide.mcu.externaltools.gnu-tools-for-stm32.11.3.rel1.linux64_1.1.1.202309131626/tools/bin/../lib/gcc/arm-none-eabi/11.3.1/thumb/v7e-m/nofp/crtend.o
LOAD /opt/st/stm32cubeide_1.13.2/plugins/com.st.stm32cube.ide.mcu.externaltools.gnu-tools-for-stm32.11.3.rel1.linux64_1.1.1.202309131626/tools/bin/../lib/gcc/arm-none-eabi/11.3.1/thumb/v7e-m/nofp/crtn.o
                0x0000000020020000                _estack = (ORIGIN (RAM) + LENGTH (RAM))
                0x0000000000000200                _Min_Heap_Size = 0x200
                0x0000000000000400                _Min_Stack_Size = 0x400

.isr_vector     0x0000000008000000      0x1a8
                0x0000000008000000                . = ALIGN (0x4)
 *(.isr_vector)
 .isr_vector    0x0000000008000000      0x1a8 ./Startup/startup_stm32f407vgtx.o
                0x0000000008000000                g_pfnVectors
                0x00000000080001a8                . = ALIGN (0x4)

.text           0x00000000080001a8      0x424
                0x00000000080001a8                . = ALIGN (0x4)
 *(.text)
 .text          0x00000000080001a8       0x40 /opt/st/stm32cubeide_1.13.2/plugins/com.st.stm32cube.ide.mcu.externaltools.gnu-tools-for-stm32.11.3.rel1.linux64_1.1.1.202309131626/tools/bin/../lib/gcc/arm-none-eabi/11.3.1/thumb/v7e-m/nofp/crtbegin.o
 *(.text*)
 .text.DelayMs  0x00000000080001e8       0x50 ./Src/lcd.o
 .text.LcdBusyWait
                0x0000000008000238       0x50 ./Src/lcd.o
                0x0000000008000238                LcdBusyWait
 .text.LcdWriteNibble
                0x0000000008000288       0x64 ./Src/lcd.o
                0x0000000008000288                LcdWriteNibble
 .text.LcdWrite
                0x00000000080002ec       0x48 ./Src/lcd.o
                0x00000000080002ec                LcdWrite
 .text.LcdInit  0x0000000008000334       0xe4 ./Src/lcd.o
                0x0000000008000334                LcdInit
 .text.LcdPuts  0x0000000008000418       0x48 ./Src/lcd.o
                0x0000000008000418                LcdPuts
 .text.main     0x0000000008000460       0x4c ./Src/main.o
                0x0000000008000460                main
 .text.SystemInit
                0x00000000080004ac        0xc ./Src/system_stm32f4xx.o
                0x00000000080004ac                SystemInit
 .text.DWT_Init
                0x00000000080004b8       0x60 ./Src/system_stm32f4xx.o
                0x00000000080004b8                DWT_Init
 .text.Reset_Handler
                0x0000000008000518       0x50 ./Startup/startup_stm32f407vgtx.o
                0x0000000008000518                Reset_Handler
 .text.Default_Handler
                0x0000000008000568        0x2 ./Startup/startup_stm32f407vgtx.o
                0x0000000008000568                RTC_Alarm_IRQHandler
                0x0000000008000568                HASH_RNG_IRQHandler
                0x0000000008000568                EXTI2_IRQHandler
                0x0000000008000568                TIM8_CC_IRQHandler
                0x0000000008000568                DebugMon_Handler
                0x0000000008000568                TIM1_CC_IRQHandler
                0x0000000008000568                DMA2_Stream5_IRQHandler
                0x0000000008000568                HardFault_Handler
                0x0000000008000568                DMA1_Stream5_IRQHandler
                0x0000000008000568                SysTick_Handler
                0x0000000008000568                PVD_IRQHandler
                0x0000000008000568                SDIO_IRQHandler
                0x0000000008000568                TAMP_STAMP_IRQHandler
                0x0000000008000568                PendSV_Handler
                0x0000000008000568                NMI_Handler
                0x0000000008000568                CAN2_RX1_IRQHandler
                0x0000000008000568                EXTI3_IRQHandler
                0x0000000008000568                TIM8_TRG_COM_TIM14_IRQHandler
                0x0000000008000568                TIM1_UP_TIM10_IRQHandler
                0x0000000008000568                TIM8_UP_TIM13_IRQHandler
                0x0000000008000568                I2C3_ER_IRQHandler
                0x0000000008000568                LCD_TFT_IRQHandler
                0x0000000008000568                EXTI0_IRQHandler
                0x0000000008000568                I2C2_EV_IRQHandler
                0x0000000008000568                DMA1_Stream2_IRQHandler
                0x0000000008000568                CAN1_RX0_IRQHandler
                0x0000000008000568                FPU_IRQHandler
                0x0000000008000568                OTG_HS_WKUP_IRQHandler
                0x0000000008000568                UsageFault_Handler
                0x0000000008000568                CAN2_SCE_IRQHandler
                0x0000000008000568                DMA2_Stream2_IRQHandler
                0x0000000008000568                SPI1_IRQHandler
                0x0000000008000568                TIM6_DAC_IRQHandler
                0x0000000008000568                TIM1_BRK_TIM9_IRQHandler
                0x0000000008000568                DCMI_IRQHandler
                0x0000000008000568                CAN2_RX0_IRQHandler
                0x0000000008000568                DMA2_Stream3_IRQHandler
                0x0000000008000568                USART6_IRQHandler
                0x0000000008000568                USART3_IRQHandler
                0x0000000008000568                CRYP_IRQHandler
                0x0000000008000568                CAN1_RX1_IRQHandler
                0x0000000008000568                UART5_IRQHandler
                0x0000000008000568                DMA2_Stream0_IRQHandler
                0x0000000008000568                TIM4_IRQHandler
                0x0000000008000568                I2C1_EV_IRQHandler
                0x0000000008000568                DMA1_Stream6_IRQHandler
                0x0000000008000568                DMA1_Stream1_IRQHandler
                0x0000000008000568                UART4_IRQHandler
                0x0000000008000568                LCD_TFT_1_IRQHandler
                0x0000000008000568                TIM3_IRQHandler
                0x0000000008000568                RCC_IRQHandler
                0x0000000008000568                TIM8_BRK_TIM12_IRQHandler
                0x0000000008000568                Default_Handler
                0x0000000008000568                EXTI15_10_IRQHandler
                0x0000000008000568                ADC_IRQHandler
                0x0000000008000568                DMA1_Stream7_IRQHandler
                0x0000000008000568                TIM7_IRQHandler
                0x0000000008000568                CAN2_TX_IRQHandler
                0x0000000008000568                TIM5_IRQHandler
                0x0000000008000568                DMA2_Stream7_IRQHandler
                0x0000000008000568                I2C3_EV_IRQHandler
                0x0000000008000568                EXTI9_5_IRQHandler
                0x0000000008000568                RTC_WKUP_IRQHandler
                0x0000000008000568                ETH_WKUP_IRQHandler
                0x0000000008000568                SPI2_IRQHandler
                0x0000000008000568                OTG_HS_EP1_IN_IRQHandler
                0x0000000008000568                MemManage_Handler
                0x0000000008000568                DMA1_Stream0_IRQHandler
                0x0000000008000568                CAN1_TX_IRQHandler
                0x0000000008000568                SVC_Handler
                0x0000000008000568                EXTI4_IRQHandler
                0x0000000008000568                FSMC_IRQHandler
                0x0000000008000568                ETH_IRQHandler
                0x0000000008000568                OTG_HS_EP1_OUT_IRQHandler
                0x0000000008000568                WWDG_IRQHandler
                0x0000000008000568                TIM2_IRQHandler
                0x0000000008000568                OTG_FS_WKUP_IRQHandler
                0x0000000008000568                TIM1_TRG_COM_TIM11_IRQHandler
                0x0000000008000568                OTG_HS_IRQHandler
                0x0000000008000568                EXTI1_IRQHandler
                0x0000000008000568                USART2_IRQHandler
                0x0000000008000568                I2C2_ER_IRQHandler
                0x0000000008000568                DMA2_Stream1_IRQHandler
                0x0000000008000568                CAN1_SCE_IRQHandler
                0x0000000008000568                DMA2_Stream4_IRQHandler
                0x0000000008000568                BusFault_Handler
                0x0000000008000568                USART1_IRQHandler
                0x0000000008000568                OTG_FS_IRQHandler
                0x0000000008000568                SPI3_IRQHandler
                0x0000000008000568                DMA1_Stream4_IRQHandler
                0x0000000008000568                I2C1_ER_IRQHandler
                0x0000000008000568                DMA2_Stream6_IRQHandler
                0x0000000008000568                DMA1_Stream3_IRQHandler
 *fill*         0x000000000800056a        0x2 
 .text.__libc_init_array
                0x000000000800056c       0x48 /opt/st/stm32cubeide_1.13.2/plugins/com.st.stm32cube.ide.mcu.externaltools.gnu-tools-for-stm32.11.3.rel1.linux64_1.1.1.202309131626/tools/bin/../lib/gcc/arm-none-eabi/11.3.1/../../../../arm-none-eabi/lib/thumb/v7e-m/nofp/libc_nano.a(libc_a-init.o)
                0x000000000800056c                __libc_init_array
 *(.glue_7)
 .glue_7        0x00000000080005b4        0x0 linker stubs
 *(.glue_7t)
 .glue_7t       0x00000000080005b4        0x0 linker stubs
 *(.eh_frame)
 .eh_frame      0x00000000080005b4        0x0 /opt/st/stm32cubeide_1.13.2/plugins/com.st.stm32cube.ide.mcu.externaltools.gnu-tools-for-stm32.11.3.rel1.linux64_1.1.1.202309131626/tools/bin/../lib/gcc/arm-none-eabi/11.3.1/thumb/v7e-m/nofp/crtbegin.o
 *(.init)
 .init          0x00000000080005b4        0x4 /opt/st/stm32cubeide_1.13.2/plugins/com.st.stm32cube.ide.mcu.externaltools.gnu-tools-for-stm32.11.3.rel1.linux64_1.1.1.202309131626/tools/bin/../lib/gcc/arm-none-eabi/11.3.1/thumb/v7e-m/nofp/crti.o
                0x00000000080005b4                _init
 .init          0x00000000080005b8        0x8 /opt/st/stm32cubeide_1.13.2/plugins/com.st.stm32cube.ide.mcu.externaltools.gnu-tools-for-stm32.11.3.rel1.linux64_1.1.1.202309131626/tools/bin/../lib/gcc/arm-none-eabi/11.3.1/thumb/v7e-m/nofp/crtn.o
 *(.fini)
 .fini          0x00000000080005c0        0x4 /opt/st/stm32cubeide_1.13.2/plugins/com.st.stm32cube.ide.mcu.externaltools.gnu-tools-for-stm32.11.3.rel1.linux64_1.1.1.202309131626/tools/bin/../lib/gcc/arm-none-eabi/11.3.1/thumb/v7e-m/nofp/crti.o
                0x00000000080005c0                _fini
 .fini          0x00000000080005c4        0x8 /opt/st/stm32cubeide_1.13.2/plugins/com.st.stm32cube.ide.mcu.externaltools.gnu-tools-for-stm32.11.3.rel1.linux64_1.1.1.202309131626/tools/bin/../lib/gcc/arm-none-eabi/11.3.1/thumb/v7e-m/nofp/crtn.o
                0x00000000080005cc                . = ALIGN (0x4)
                0x00000000080005cc                _etext = .

.vfp11_veneer   0x00000000080005cc        0x0
 .vfp11_veneer  0x00000000080005cc        0x0 linker stubs

.v4_bx          0x00000000080005cc        0x0
 .v4_bx         0x00000000080005cc        0x0 linker stubs

.iplt           0x00000000080005cc        0x0
 .iplt          0x00000000080005cc        0x0 /opt/st/stm32cubeide_1.13.2/plugins/com.st.stm32cube.ide.mcu.externaltools.gnu-tools-for-stm32.11.3.rel1.linux64_1.1.1.202309131626/tools/bin/../lib/gcc/arm-none-eabi/11.3.1/thumb/v7e-m/nofp/crtbegin.o

.rodata         0x00000000080005cc       0x20
                0x00000000080005cc                . = ALIGN (0x4)
 *(.rodata)
 .rodata        0x00000000080005cc       0x1f ./Src/main.o
 *(.rodata*)
                0x00000000080005ec                . = ALIGN (0x4)
 *fill*         0x00000000080005eb        0x1 

.rel.dyn        0x00000000080005ec        0x0
 .rel.iplt      0x00000000080005ec        0x0 /opt/st/stm32cubeide_1.13.2/plugins/com.st.stm32cube.ide.mcu.externaltools.gnu-tools-for-stm32.11.3.rel1.linux64_1.1.1.202309131626/tools/bin/../lib/gcc/arm-none-eabi/11.3.1/thumb/v7e-m/nofp/crtbegin.o

.ARM.extab      0x00000000080005ec        0x0
                0x00000000080005ec                . = ALIGN (0x4)
 *(.ARM.extab* .gnu.linkonce.armextab.*)
                0x00000000080005ec                . = ALIGN (0x4)

.ARM            0x00000000080005ec        0x0
                0x00000000080005ec                . = ALIGN (0x4)
                0x00000000080005ec                __exidx_start = .
 *(.ARM.exidx*)
                0x00000000080005ec                __exidx_end = .
                0x00000000080005ec                . = ALIGN (0x4)

.preinit_array  0x00000000080005ec        0x0
                0x00000000080005ec                . = ALIGN (0x4)
                0x00000000080005ec                PROVIDE (__preinit_array_start = .)
 *(.preinit_array*)
                0x00000000080005ec                PROVIDE (__preinit_array_end = .)
                0x00000000080005ec                . = ALIGN (0x4)

.init_array     0x00000000080005ec        0x4
                0x00000000080005ec                . = ALIGN (0x4)
                0x00000000080005ec                PROVIDE (__init_array_start = .)
 *(SORT_BY_NAME(.init_array.*))
 *(.init_array*)
 .init_array    0x00000000080005ec        0x4 /opt/st/stm32cubeide_1.13.2/plugins/com.st.stm32cube.ide.mcu.externaltools.gnu-tools-for-stm32.11.3.rel1.linux64_1.1.1.202309131626/tools/bin/../lib/gcc/arm-none-eabi/11.3.1/thumb/v7e-m/nofp/crtbegin.o
                0x00000000080005f0                PROVIDE (__init_array_end = .)
                0x00000000080005f0                . = ALIGN (0x4)

.fini_array     0x00000000080005f0        0x4
                0x00000000080005f0                . = ALIGN (0x4)
                [!provide]                        PROVIDE (__fini_array_start = .)
 *(SORT_BY_NAME(.fini_array.*))
 *(.fini_array*)
 .fini_array    0x00000000080005f0        0x4 /opt/st/stm32cubeide_1.13.2/plugins/com.st.stm32cube.ide.mcu.externaltools.gnu-tools-for-stm32.11.3.rel1.linux64_1.1.1.202309131626/tools/bin/../lib/gcc/arm-none-eabi/11.3.1/thumb/v7e-m/nofp/crtbegin.o
                [!provide]                        PROVIDE (__fini_array_end = .)
                0x00000000080005f4                . = ALIGN (0x4)
                0x00000000080005f4                _sidata = LOADADDR (.data)

.data           0x0000000020000000        0x4 load address 0x00000000080005f4
                0x0000000020000000                . = ALIGN (0x4)
                0x0000000020000000                _sdata = .
 *(.data)
 *(.data*)
 .data.SystemCoreClock
                0x0000000020000000        0x4 ./Src/system_stm32f4xx.o
                0x0000000020000000                SystemCoreClock
 *(.RamFunc)
 *(.RamFunc*)
                0x0000000020000004                . = ALIGN (0x4)
                0x0000000020000004                _edata = .
                0x00000000080005f8                _siccmram = LOADADDR (.ccmram)

.igot.plt       0x0000000020000004        0x0 load address 0x00000000080005f8
 .igot.plt      0x0000000020000004        0x0 /opt/st/stm32cubeide_1.13.2/plugins/com.st.stm32cube.ide.mcu.externaltools.gnu-tools-for-stm32.11.3.rel1.linux64_1.1.1.202309131626/tools/bin/../lib/gcc/arm-none-eabi/11.3.1/thumb/v7e-m/nofp/crtbegin.o

.ccmram         0x0000000010000000        0x0 load address 0x00000000080005f8
                0x0000000010000000                . = ALIGN (0x4)
                0x0000000010000000                _sccmram = .
 *(.ccmram)
 *(.ccmram*)
                0x0000000010000000                . = ALIGN (0x4)
                0x0000000010000000                _eccmram = .
                0x0000000010000000                . = ALIGN (0x4)

.bss            0x0000000020000004       0x1c
                0x0000000020000004                _sbss = .
                0x0000000020000004                __bss_start__ = _sbss
 *(.bss)
 .bss           0x0000000020000004       0x1c /opt/st/stm32cubeide_1.13.2/plugins/com.st.stm32cube.ide.mcu.externaltools.gnu-tools-for-stm32.11.3.rel1.linux64_1.1.1.202309131626/tools/bin/../lib/gcc/arm-none-eabi/11.3.1/thumb/v7e-m/nofp/crtbegin.o
 *(.bss*)
 *(COMMON)
                0x0000000020000020                . = ALIGN (0x4)
                0x0000000020000020                _ebss = .
                0x0000000020000020                __bss_end__ = _ebss

._user_heap_stack
                0x0000000020000020      0x600
                0x0000000020000020                . = ALIGN (0x8)
                [!provide]                        PROVIDE (end = .)
                0x0000000020000020                PROVIDE (_end = .)
                0x0000000020000220                . = (. + _Min_Heap_Size)
 *fill*         0x0000000020000020      0x200 
                0x0000000020000620                . = (. + _Min_Stack_Size)
 *fill*         0x0000000020000220      0x400 
                0x0000000020000620                . = ALIGN (0x8)

/DISCARD/
 libc.a(*)
 libm.a(*)
 libgcc.a(*)

.ARM.attributes
                0x0000000000000000       0x2a
 *(.ARM.attributes)
 .ARM.attributes
                0x0000000000000000       0x1e /opt/st/stm32cubeide_1.13.2/plugins/com.st.stm32cube.ide.mcu.externaltools.gnu-tools-for-stm32.11.3.rel1.linux64_1.1.1.202309131626/tools/bin/../lib/gcc/arm-none-eabi/11.3.1/thumb/v7e-m/nofp/crti.o
 .ARM.attributes
                0x000000000000001e       0x2e /opt/st/stm32cubeide_1.13.2/plugins/com.st.stm32cube.ide.mcu.externaltools.gnu-tools-for-stm32.11.3.rel1.linux64_1.1.1.202309131626/tools/bin/../lib/gcc/arm-none-eabi/11.3.1/thumb/v7e-m/nofp/crtbegin.o
 .ARM.attributes
                0x000000000000004c       0x2e ./Src/lcd.o
 .ARM.attributes
                0x000000000000007a       0x2e ./Src/main.o
 .ARM.attributes
                0x00000000000000a8       0x2e ./Src/system_stm32f4xx.o
 .ARM.attributes
                0x00000000000000d6       0x21 ./Startup/startup_stm32f407vgtx.o
 .ARM.attributes
                0x00000000000000f7       0x2e /opt/st/stm32cubeide_1.13.2/plugins/com.st.stm32cube.ide.mcu.externaltools.gnu-tools-for-stm32.11.3.rel1.linux64_1.1.1.202309131626/tools/bin/../lib/gcc/arm-none-eabi/11.3.1/../../../../arm-none-eabi/lib/thumb/v7e-m/nofp/libc_nano.a(libc_a-init.o)
 .ARM.attributes
                0x0000000000000125       0x1e /opt/st/stm32cubeide_1.13.2/plugins/com.st.stm32cube.ide.mcu.externaltools.gnu-tools-for-stm32.11.3.rel1.linux64_1.1.1.202309131626/tools/bin/../lib/gcc/arm-none-eabi/11.3.1/thumb/v7e-m/nofp/crtn.o
OUTPUT(Day04_Assign1.elf elf32-littlearm)
LOAD linker stubs
LOAD /opt/st/stm32cubeide_1.13.2/plugins/com.st.stm32cube.ide.mcu.externaltools.gnu-tools-for-stm32.11.3.rel1.linux64_1.1.1.202309131626/tools/bin/../lib/gcc/arm-none-eabi/11.3.1/../../../../arm-none-eabi/lib/thumb/v7e-m/nofp/libc.a
LOAD /opt/st/stm32cubeide_1.13.2/plugins/com.st.stm32cube.ide.mcu.externaltools.gnu-tools-for-stm32.11.3.rel1.linux64_1.1.1.202309131626/tools/bin/../lib/gcc/arm-none-eabi/11.3.1/../../../../arm-none-eabi/lib/thumb/v7e-m/nofp/libm.a
LOAD /opt/st/stm32cubeide_1.13.2/plugins/com.st.stm32cube.ide.mcu.externaltools.gnu-tools-for-stm32.11.3.rel1.linux64_1.1.1.202309131626/tools/bin/../lib/gcc/arm-none-eabi/11.3.1/thumb/v7e-m/nofp/libgcc.a

.comment        0x0000000000000000       0x43
 .comment       0x0000000000000000       0x43 /opt/st/stm32cubeide_1.13.2/plugins/com.st.stm32cube.ide.mcu.externaltools.gnu-tools-for-stm32.11.3.rel1.linux64_1.1.1.202309131626/tools/bin/../lib/gcc/arm-none-eabi/11.3.1/thumb/v7e-m/nofp/crtbegin.o
                                         0x44 (size before relaxing)
 .comment       0x0000000000000043       0x44 ./Src/lcd.o
 .comment       0x0000000000000043       0x44 ./Src/main.o
 .comment       0x0000000000000043       0x44 ./Src/system_stm32f4xx.o

.debug_info     0x0000000000000000      0xc2b
 .debug_info    0x0000000000000000      0x5c9 ./Src/lcd.o
 .debug_info    0x00000000000005c9      0x105 ./Src/main.o
 .debug_info    0x00000000000006ce      0x53a ./Src/system_stm32f4xx.o
 .debug_info    0x0000000000000c08       0x23 ./Startup/startup_stm32f407vgtx.o

.debug_abbrev   0x0000000000000000      0x37c
 .debug_abbrev  0x0000000000000000      0x168 ./Src/lcd.o
 .debug_abbrev  0x0000000000000168       0xaa ./Src/main.o
 .debug_abbrev  0x0000000000000212      0x158 ./Src/system_stm32f4xx.o
 .debug_abbrev  0x000000000000036a       0x12 ./Startup/startup_stm32f407vgtx.o

.debug_aranges  0x0000000000000000       0xc8
 .debug_aranges
                0x0000000000000000       0x48 ./Src/lcd.o
 .debug_aranges
                0x0000000000000048       0x20 ./Src/main.o
 .debug_aranges
                0x0000000000000068       0x38 ./Src/system_stm32f4xx.o
 .debug_aranges
                0x00000000000000a0       0x28 ./Startup/startup_stm32f407vgtx.o

.debug_rnglists
                0x0000000000000000       0x84
 .debug_rnglists
                0x0000000000000000       0x32 ./Src/lcd.o
 .debug_rnglists
                0x0000000000000032       0x13 ./Src/main.o
 .debug_rnglists
                0x0000000000000045       0x26 ./Src/system_stm32f4xx.o
 .debug_rnglists
                0x000000000000006b       0x19 ./Startup/startup_stm32f407vgtx.o

.debug_macro    0x0000000000000000    0x1802e
 .debug_macro   0x0000000000000000       0xdc ./Src/lcd.o
 .debug_macro   0x00000000000000dc       0x2e ./Src/lcd.o
 .debug_macro   0x000000000000010a       0x2f ./Src/lcd.o
 .debug_macro   0x0000000000000139       0x1c ./Src/lcd.o
 .debug_macro   0x0000000000000155       0x22 ./Src/lcd.o
 .debug_macro   0x0000000000000177       0xd9 ./Src/lcd.o
 .debug_macro   0x0000000000000250     0x102d ./Src/lcd.o
 .debug_macro   0x000000000000127d      0x11f ./Src/lcd.o
 .debug_macro   0x000000000000139c       0x11 ./Src/lcd.o
 .debug_macro   0x00000000000013ad    0x15e3c ./Src/lcd.o
 .debug_macro   0x00000000000171e9       0x4a ./Src/lcd.o
 .debug_macro   0x0000000000017233       0xb2 ./Src/lcd.o
 .debug_macro   0x00000000000172e5      0x1c1 ./Src/main.o
 .debug_macro   0x00000000000174a6       0x61 ./Src/main.o
 .debug_macro   0x0000000000017507       0x24 ./Src/main.o
 .debug_macro   0x000000000001752b       0x43 ./Src/main.o
 .debug_macro   0x000000000001756e       0x34 ./Src/main.o
 .debug_macro   0x00000000000175a2       0x16 ./Src/main.o
 .debug_macro   0x00000000000175b8       0x97 ./Src/main.o
 .debug_macro   0x000000000001764f      0x369 ./Src/main.o
 .debug_macro   0x00000000000179b8       0xfd ./Src/main.o
 .debug_macro   0x0000000000017ab5       0x10 ./Src/main.o
 .debug_macro   0x0000000000017ac5       0x16 ./Src/main.o
 .debug_macro   0x0000000000017adb       0x43 ./Src/main.o
 .debug_macro   0x0000000000017b1e       0x34 ./Src/main.o
 .debug_macro   0x0000000000017b52       0x10 ./Src/main.o
 .debug_macro   0x0000000000017b62       0x58 ./Src/main.o
 .debug_macro   0x0000000000017bba       0x8e ./Src/main.o
 .debug_macro   0x0000000000017c48       0x1c ./Src/main.o
 .debug_macro   0x0000000000017c64      0x177 ./Src/main.o
 .debug_macro   0x0000000000017ddb       0x16 ./Src/main.o
 .debug_macro   0x0000000000017df1       0x16 ./Src/main.o
 .debug_macro   0x0000000000017e07      0x147 ./Src/main.o
 .debug_macro   0x0000000000017f4e       0xe0 ./Src/system_stm32f4xx.o

.debug_line     0x0000000000000000      0xfbf
 .debug_line    0x0000000000000000      0x538 ./Src/lcd.o
 .debug_line    0x0000000000000538      0x552 ./Src/main.o
 .debug_line    0x0000000000000a8a      0x4ba ./Src/system_stm32f4xx.o
 .debug_line    0x0000000000000f44       0x7b ./Startup/startup_stm32f407vgtx.o

.debug_str      0x0000000000000000    0x8b89b
 .debug_str     0x0000000000000000    0x87d88 ./Src/lcd.o
                                      0x87f11 (size before relaxing)
 .debug_str     0x0000000000087d88     0x39f6 ./Src/main.o
                                      0x8b74e (size before relaxing)
 .debug_str     0x000000000008b77e       0xee ./Src/system_stm32f4xx.o
                                      0x87d8a (size before relaxing)
 .debug_str     0x000000000008b86c       0x2f ./Startup/startup_stm32f407vgtx.o
                                         0x6f (size before relaxing)

.debug_frame    0x0000000000000000      0x1cc
 .debug_frame   0x0000000000000000       0xe8 ./Src/lcd.o
 .debug_frame   0x00000000000000e8       0x34 ./Src/main.o
 .debug_frame   0x000000000000011c       0x84 ./Src/system_stm32f4xx.o
 .debug_frame   0x00000000000001a0       0x2c /opt/st/stm32cubeide_1.13.2/plugins/com.st.stm32cube.ide.mcu.externaltools.gnu-tools-for-stm32.11.3.rel1.linux64_1.1.1.202309131626/tools/bin/../lib/gcc/arm-none-eabi/11.3.1/../../../../arm-none-eabi/lib/thumb/v7e-m/nofp/libc_nano.a(libc_a-init.o)

.debug_line_str
                0x0000000000000000       0x63
 .debug_line_str
                0x0000000000000000       0x63 ./Startup/startup_stm32f407vgtx.o
                                         0x7b (size before relaxing)
